[    0.000000] Linux version 4.15.0-74-generic (buildd@lcy01-amd64-022) (gcc version 7.4.0 (Ubuntu 7.4.0-1ubuntu1~18.04.1)) #84-Ubuntu SMP Thu Dec 19 08:06:28 UTC 2019 (Ubuntu 4.15.0-74.84-generic 4.15.18)
[    0.000000] Command line: BOOT_IMAGE=/boot/vmlinuz-4.15.0-74-generic root=LABEL=cloudimg-rootfs ro console=tty1 console=ttyS0
[    0.000000] KERNEL supported cpus:
[    0.000000]   Intel GenuineIntel
[    0.000000]   AMD AuthenticAMD
[    0.000000]   Centaur CentaurHauls
[    0.000000] x86/fpu: Supporting XSAVE feature 0x001: 'x87 floating point registers'
[    0.000000] x86/fpu: Supporting XSAVE feature 0x002: 'SSE registers'
[    0.000000] x86/fpu: Supporting XSAVE feature 0x004: 'AVX registers'
[    0.000000] x86/fpu: xstate_offset[2]:  576, xstate_sizes[2]:  256
[    0.000000] x86/fpu: Enabled xstate features 0x7, context size is 832 bytes, using 'standard' format.
[    0.000000] e820: BIOS-provided physical RAM map:
[    0.000000] BIOS-e820: [mem 0x0000000000000000-0x000000000009fbff] usable
[    0.000000] BIOS-e820: [mem 0x000000000009fc00-0x000000000009ffff] reserved
[    0.000000] BIOS-e820: [mem 0x00000000000f0000-0x00000000000fffff] reserved
[    0.000000] BIOS-e820: [mem 0x0000000000100000-0x000000003ffeffff] usable
[    0.000000] BIOS-e820: [mem 0x000000003fff0000-0x000000003fffffff] ACPI data
[    0.000000] BIOS-e820: [mem 0x00000000fec00000-0x00000000fec00fff] reserved
[    0.000000] BIOS-e820: [mem 0x00000000fee00000-0x00000000fee00fff] reserved
[    0.000000] BIOS-e820: [mem 0x00000000fffc0000-0x00000000ffffffff] reserved
[    0.000000] NX (Execute Disable) protection: active
[    0.000000] SMBIOS 2.5 present.
[    0.000000] DMI: innotek GmbH VirtualBox/VirtualBox, BIOS VirtualBox 12/01/2006
[    0.000000] Hypervisor detected: KVM
[    0.000000] e820: last_pfn = 0x3fff0 max_arch_pfn = 0x400000000
[    0.000000] MTRR: Disabled
[    0.000000] x86/PAT: MTRRs disabled, skipping PAT initialization too.
[    0.000000] CPU MTRRs all blank - virtualized system.
[    0.000000] x86/PAT: Configuration [0-7]: WB  WT  UC- UC  WB  WT  UC- UC  
[    0.000000] found SMP MP-table at [mem 0x0009fff0-0x0009ffff]
[    0.000000] Scanning 1 areas for low memory corruption
[    0.000000] RAMDISK: [mem 0x3595b000-0x36ca4fff]
[    0.000000] ACPI: Early table checksum verification disabled
[    0.000000] ACPI: RSDP 0x00000000000E0000 000024 (v02 VBOX  )
[    0.000000] ACPI: XSDT 0x000000003FFF0030 00003C (v01 VBOX   VBOXXSDT 00000001 ASL  00000061)
[    0.000000] ACPI: FACP 0x000000003FFF00F0 0000F4 (v04 VBOX   VBOXFACP 00000001 ASL  00000061)
[    0.000000] ACPI: DSDT 0x000000003FFF0470 0022EA (v02 VBOX   VBOXBIOS 00000002 INTL 20100528)
[    0.000000] ACPI: FACS 0x000000003FFF0200 000040
[    0.000000] ACPI: FACS 0x000000003FFF0200 000040
[    0.000000] ACPI: APIC 0x000000003FFF0240 00005C (v02 VBOX   VBOXAPIC 00000001 ASL  00000061)
[    0.000000] ACPI: SSDT 0x000000003FFF02A0 0001CC (v01 VBOX   VBOXCPUT 00000002 INTL 20100528)
[    0.000000] No NUMA configuration found
[    0.000000] Faking a node at [mem 0x0000000000000000-0x000000003ffeffff]
[    0.000000] NODE_DATA(0) allocated [mem 0x3ffc5000-0x3ffeffff]
[    0.000000] kvm-clock: cpu 0, msr 0:3ff44001, primary cpu clock
[    0.000000] kvm-clock: Using msrs 4b564d01 and 4b564d00
[    0.000000] kvm-clock: using sched offset of 7167356896 cycles
[    0.000000] clocksource: kvm-clock: mask: 0xffffffffffffffff max_cycles: 0x1cd42e4dffb, max_idle_ns: 881590591483 ns
[    0.000000] Zone ranges:
[    0.000000]   DMA      [mem 0x0000000000001000-0x0000000000ffffff]
[    0.000000]   DMA32    [mem 0x0000000001000000-0x000000003ffeffff]
[    0.000000]   Normal   empty
[    0.000000]   Device   empty
[    0.000000] Movable zone start for each node
[    0.000000] Early memory node ranges
[    0.000000]   node   0: [mem 0x0000000000001000-0x000000000009efff]
[    0.000000]   node   0: [mem 0x0000000000100000-0x000000003ffeffff]
[    0.000000] Reserved but unavailable: 98 pages
[    0.000000] Initmem setup node 0 [mem 0x0000000000001000-0x000000003ffeffff]
[    0.000000] ACPI: PM-Timer IO Port: 0x4008
[    0.000000] IOAPIC[0]: apic_id 2, version 32, address 0xfec00000, GSI 0-23
[    0.000000] ACPI: INT_SRC_OVR (bus 0 bus_irq 0 global_irq 2 dfl dfl)
[    0.000000] ACPI: INT_SRC_OVR (bus 0 bus_irq 9 global_irq 9 low level)
[    0.000000] Using ACPI (MADT) for SMP configuration information
[    0.000000] smpboot: Allowing 2 CPUs, 0 hotplug CPUs
[    0.000000] PM: Registered nosave memory: [mem 0x00000000-0x00000fff]
[    0.000000] PM: Registered nosave memory: [mem 0x0009f000-0x0009ffff]
[    0.000000] PM: Registered nosave memory: [mem 0x000a0000-0x000effff]
[    0.000000] PM: Registered nosave memory: [mem 0x000f0000-0x000fffff]
[    0.000000] e820: [mem 0x40000000-0xfebfffff] available for PCI devices
[    0.000000] Booting paravirtualized kernel on KVM
[    0.000000] clocksource: refined-jiffies: mask: 0xffffffff max_cycles: 0xffffffff, max_idle_ns: 7645519600211568 ns
[    0.000000] random: get_random_bytes called from start_kernel+0x99/0x4fd with crng_init=0
[    0.000000] setup_percpu: NR_CPUS:8192 nr_cpumask_bits:2 nr_cpu_ids:2 nr_node_ids:1
[    0.000000] percpu: Embedded 45 pages/cpu s147456 r8192 d28672 u1048576
[    0.000000] PV qspinlock hash table entries: 256 (order: 0, 4096 bytes)
[    0.000000] Built 1 zonelists, mobility grouping on.  Total pages: 257913
[    0.000000] Policy zone: DMA32
[    0.000000] Kernel command line: BOOT_IMAGE=/boot/vmlinuz-4.15.0-74-generic root=LABEL=cloudimg-rootfs ro console=tty1 console=ttyS0
[    0.000000] Memory: 982528K/1048120K available (12300K kernel code, 2481K rwdata, 4260K rodata, 2428K init, 2704K bss, 65592K reserved, 0K cma-reserved)
[    0.000000] SLUB: HWalign=64, Order=0-3, MinObjects=0, CPUs=2, Nodes=1
[    0.000000] Kernel/User page tables isolation: enabled
[    0.000000] ftrace: allocating 39322 entries in 154 pages
[    0.004000] Hierarchical RCU implementation.
[    0.004000] 	RCU restricting CPUs from NR_CPUS=8192 to nr_cpu_ids=2.
[    0.004000] 	Tasks RCU enabled.
[    0.004000] RCU: Adjusting geometry for rcu_fanout_leaf=16, nr_cpu_ids=2
[    0.004000] NR_IRQS: 524544, nr_irqs: 440, preallocated irqs: 16
[    0.004000] Console: colour VGA+ 80x25
[    0.004000] console [tty1] enabled
[    0.004000] console [ttyS0] enabled
[    0.004000] ACPI: Core revision 20170831
[    0.004000] ACPI: 2 ACPI AML tables successfully acquired and loaded
[    0.004000] APIC: Switch to symmetric I/O mode setup
[    0.004000] x2apic enabled
[    0.004000] Switched APIC routing to physical x2apic.
[    0.004000] ..TIMER: vector=0x30 apic1=0 pin1=2 apic2=-1 pin2=-1
[    0.004004] tsc: Detected 2304.000 MHz processor
[    0.005205] Calibrating delay loop (skipped) preset value.. 4608.00 BogoMIPS (lpj=9216000)
[    0.005457] pid_max: default: 32768 minimum: 301
[    0.008043] Security Framework initialized
[    0.009306] Yama: becoming mindful.
[    0.010853] AppArmor: AppArmor initialized
[    0.013709] Dentry cache hash table entries: 131072 (order: 8, 1048576 bytes)
[    0.016066] Inode-cache hash table entries: 65536 (order: 7, 524288 bytes)
[    0.019173] Mount-cache hash table entries: 2048 (order: 2, 16384 bytes)
[    0.020015] Mountpoint-cache hash table entries: 2048 (order: 2, 16384 bytes)
[    0.024029] Last level iTLB entries: 4KB 64, 2MB 8, 4MB 8
[    0.025621] Last level dTLB entries: 4KB 64, 2MB 0, 4MB 0, 1GB 4
[    0.027117] Spectre V1 : Mitigation: usercopy/swapgs barriers and __user pointer sanitization
[    0.028005] Spectre V2 : Mitigation: Full generic retpoline
[    0.029130] Spectre V2 : Spectre v2 / SpectreRSB mitigation: Filling RSB on context switch
[    0.030586] Speculative Store Bypass: Vulnerable
[    0.032039] MDS: Mitigation: Clear CPU buffers
[    0.033062] Freeing SMP alternatives memory: 36K
[    0.144967] smpboot: CPU0: Intel(R) Core(TM) i5-7360U CPU @ 2.30GHz (family: 0x6, model: 0x8e, stepping: 0x9)
[    0.147837] Performance Events: unsupported p6 CPU model 142 no PMU driver, software events only.
[    0.148034] Hierarchical SRCU implementation.
[    0.149422] NMI watchdog: Perf event create on CPU 0 failed with -2
[    0.150976] NMI watchdog: Perf NMI watchdog permanently disabled
[    0.152047] smp: Bringing up secondary CPUs ...
[    0.152914] x86: Booting SMP configuration:
[    0.153661] .... node  #0, CPUs:      #1
[    0.004000] kvm-clock: cpu 1, msr 0:3ff44041, secondary cpu clock
[    0.159133] smp: Brought up 1 node, 2 CPUs
[    0.160009] smpboot: Max logical packages: 1
[    0.161207] smpboot: Total of 2 processors activated (9216.00 BogoMIPS)
[    0.163134] devtmpfs: initialized
[    0.164072] x86/mm: Memory block size: 128MB
[    0.165441] evm: security.selinux
[    0.166626] evm: security.SMACK64
[    0.168009] evm: security.SMACK64EXEC
[    0.169016] evm: security.SMACK64TRANSMUTE
[    0.170178] evm: security.SMACK64MMAP
[    0.171444] evm: security.apparmor
[    0.172007] evm: security.ima
[    0.172826] evm: security.capability
[    0.173844] clocksource: jiffies: mask: 0xffffffff max_cycles: 0xffffffff, max_idle_ns: 7645041785100000 ns
[    0.176018] futex hash table entries: 512 (order: 3, 32768 bytes)
[    0.178566] pinctrl core: initialized pinctrl subsystem
[    0.180100] RTC time:  3:09:03, date: 02/08/20
[    0.181034] NET: Registered protocol family 16
[    0.181897] audit: initializing netlink subsys (disabled)
[    0.183085] audit: type=2000 audit(1581131352.136:1): state=initialized audit_enabled=0 res=1
[    0.184063] cpuidle: using governor ladder
[    0.184855] cpuidle: using governor menu
[    0.185886] ACPI: bus type PCI registered
[    0.188004] acpiphp: ACPI Hot Plug PCI Controller Driver version: 0.5
[    0.189462] PCI: Using configuration type 1 for base access
[    0.192031] HugeTLB registered 2.00 MiB page size, pre-allocated 0 pages
[    0.193182] ACPI: Added _OSI(Module Device)
[    0.193182] ACPI: Added _OSI(Processor Device)
[    0.193707] ACPI: Added _OSI(3.0 _SCP Extensions)
[    0.196003] ACPI: Added _OSI(Processor Aggregator Device)
[    0.196949] ACPI: Added _OSI(Linux-Dell-Video)
[    0.197772] ACPI: Added _OSI(Linux-Lenovo-NV-HDMI-Audio)
[    0.198807] ACPI: Added _OSI(Linux-HPI-Hybrid-Graphics)
[    0.200340] ACPI: Executed 1 blocks of module-level executable AML code
[    0.204731] ACPI: Interpreter enabled
[    0.205534] ACPI: (supports S0 S5)
[    0.206156] ACPI: Using IOAPIC for interrupt routing
[    0.207332] PCI: Using host bridge windows from ACPI; if necessary, use "pci=nocrs" and report a bug
[    0.208176] ACPI: Enabled 2 GPEs in block 00 to 07
[    0.220025] ACPI: PCI Root Bridge [PCI0] (domain 0000 [bus 00-ff])
[    0.221562] acpi PNP0A03:00: _OSC: OS supports [ASPM ClockPM Segments MSI]
[    0.224602] acpi PNP0A03:00: _OSC: not requesting OS control; OS requires [ExtendedConfig ASPM ClockPM MSI]
[    0.227098] acpi PNP0A03:00: fail to add MMCONFIG information, can't access extended PCI configuration space under this bridge.
[    0.228489] PCI host bridge to bus 0000:00
[    0.229248] pci_bus 0000:00: root bus resource [io  0x0000-0x0cf7 window]
[    0.232004] pci_bus 0000:00: root bus resource [io  0x0d00-0xffff window]
[    0.233833] pci_bus 0000:00: root bus resource [mem 0x000a0000-0x000bffff window]
[    0.236004] pci_bus 0000:00: root bus resource [mem 0x40000000-0xfdffffff window]
[    0.237456] pci_bus 0000:00: root bus resource [bus 00-ff]
[    0.241441] pci 0000:00:01.1: legacy IDE quirk: reg 0x10: [io  0x01f0-0x01f7]
[    0.242772] pci 0000:00:01.1: legacy IDE quirk: reg 0x14: [io  0x03f6]
[    0.243941] pci 0000:00:01.1: legacy IDE quirk: reg 0x18: [io  0x0170-0x0177]
[    0.244002] pci 0000:00:01.1: legacy IDE quirk: reg 0x1c: [io  0x0376]
[    0.262352] pci 0000:00:07.0: quirk: [io  0x4000-0x403f] claimed by PIIX4 ACPI
[    0.264035] pci 0000:00:07.0: quirk: [io  0x4100-0x410f] claimed by PIIX4 SMB
[    0.280127] ACPI: PCI Interrupt Link [LNKA] (IRQs 5 9 10 *11)
[    0.281946] ACPI: PCI Interrupt Link [LNKB] (IRQs 5 9 *10 11)
[    0.283511] ACPI: PCI Interrupt Link [LNKC] (IRQs 5 *9 10 11)
[    0.284127] ACPI: PCI Interrupt Link [LNKD] (IRQs 5 9 10 *11)
[    0.285980] SCSI subsystem initialized
[    0.288093] pci 0000:00:02.0: vgaarb: setting as boot VGA device
[    0.289731] pci 0000:00:02.0: vgaarb: VGA device added: decodes=io+mem,owns=io+mem,locks=none
[    0.289731] pci 0000:00:02.0: vgaarb: bridge control possible
[    0.289731] vgaarb: loaded
[    0.290002] ACPI: bus type USB registered
[    0.290791] usbcore: registered new interface driver usbfs
[    0.291755] usbcore: registered new interface driver hub
[    0.292018] usbcore: registered new device driver usb
[    0.296024] EDAC MC: Ver: 3.0.0
[    0.297130] PCI: Using ACPI for IRQ routing
[    0.297130] NetLabel: Initializing
[    0.300002] NetLabel:  domain hash size = 128
[    0.300002] NetLabel:  protocols = UNLABELED CIPSOv4 CALIPSO
[    0.300002] NetLabel:  unlabeled traffic allowed by default
[    0.300067] clocksource: Switched to clocksource kvm-clock
[    0.315350] VFS: Disk quotas dquot_6.6.0
[    0.316618] VFS: Dquot-cache hash table entries: 512 (order 0, 4096 bytes)
[    0.319624] AppArmor: AppArmor Filesystem Enabled
[    0.321538] pnp: PnP ACPI init
[    0.323634] pnp: PnP ACPI: found 3 devices
[    0.330220] clocksource: acpi_pm: mask: 0xffffff max_cycles: 0xffffff, max_idle_ns: 2085701024 ns
[    0.332909] NET: Registered protocol family 2
[    0.334229] TCP established hash table entries: 8192 (order: 4, 65536 bytes)
[    0.335487] TCP bind hash table entries: 8192 (order: 5, 131072 bytes)
[    0.337872] TCP: Hash tables configured (established 8192 bind 8192)
[    0.339102] UDP hash table entries: 512 (order: 2, 16384 bytes)
[    0.340117] UDP-Lite hash table entries: 512 (order: 2, 16384 bytes)
[    0.341258] NET: Registered protocol family 1
[    0.342033] pci 0000:00:00.0: Limiting direct PCI/PCI transfers
[    0.343150] pci 0000:00:01.0: Activating ISA DMA hang workarounds
[    0.344725] pci 0000:00:02.0: Video device with shadowed ROM at [mem 0x000c0000-0x000dffff]
[    0.346793] Unpacking initramfs...
[    0.664651] Freeing initrd memory: 19752K
[    0.665963] clocksource: tsc: mask: 0xffffffffffffffff max_cycles: 0x2135f7c97c8, max_idle_ns: 440795273205 ns
[    0.669462] platform rtc_cmos: registered platform RTC device (no PNP device found)
[    0.672441] Scanning for low memory corruption every 60 seconds
[    0.687971] Initialise system trusted keyrings
[    0.692677] Key type blacklist registered
[    0.697432] workingset: timestamp_bits=36 max_order=18 bucket_order=0
[    0.700202] zbud: loaded
[    0.701325] squashfs: version 4.0 (2009/01/31) Phillip Lougher
[    0.702614] fuse init (API version 7.26)
[    0.705353] Key type asymmetric registered
[    0.706124] Asymmetric key parser 'x509' registered
[    0.707492] Block layer SCSI generic (bsg) driver version 0.4 loaded (major 246)
[    0.710351] io scheduler noop registered
[    0.711719] io scheduler deadline registered
[    0.712946] io scheduler cfq registered (default)
[    0.714759] ACPI: AC Adapter [AC] (on-line)
[    0.716162] input: Power Button as /devices/LNXSYSTM:00/LNXPWRBN:00/input/input0
[    0.720230] ACPI: Power Button [PWRF]
[    0.722967] input: Sleep Button as /devices/LNXSYSTM:00/LNXSLPBN:00/input/input1
[    0.725089] ACPI: Sleep Button [SLPF]
[    0.726684] Serial: 8250/16550 driver, 32 ports, IRQ sharing enabled
[    0.727787] ACPI: Battery Slot [BAT0] (battery present)
[    0.750084] 00:02: ttyS0 at I/O 0x3f8 (irq = 4, base_baud = 115200) is a 16550A
[    0.753373] Linux agpgart interface v0.103
[    0.757036] loop: module loaded
[    0.759467] scsi host0: ata_piix
[    0.762228] scsi host1: ata_piix
[    0.764122] ata1: PATA max UDMA/33 cmd 0x1f0 ctl 0x3f6 bmdma 0xd000 irq 14
[    0.769191] ata2: PATA max UDMA/33 cmd 0x170 ctl 0x376 bmdma 0xd008 irq 15
[    0.773774] libphy: Fixed MDIO Bus: probed
[    0.775092] tun: Universal TUN/TAP device driver, 1.6
[    0.776327] PPP generic driver version 2.4.2
[    0.777580] ehci_hcd: USB 2.0 'Enhanced' Host Controller (EHCI) Driver
[    0.778827] ehci-pci: EHCI PCI platform driver
[    0.779626] ehci-platform: EHCI generic platform driver
[    0.780599] ohci_hcd: USB 1.1 'Open' Host Controller (OHCI) Driver
[    0.781669] ohci-pci: OHCI PCI platform driver
[    0.782629] ohci-platform: OHCI generic platform driver
[    0.783871] uhci_hcd: USB Universal Host Controller Interface driver
[    0.785178] i8042: PNP: PS/2 Controller [PNP0303:PS2K,PNP0f03:PS2M] at 0x60,0x64 irq 1,12
[    0.787002] serio: i8042 KBD port at 0x60,0x64 irq 1
[    0.787900] serio: i8042 AUX port at 0x60,0x64 irq 12
[    0.788966] mousedev: PS/2 mouse device common for all mice
[    0.790609] rtc_cmos rtc_cmos: rtc core: registered rtc_cmos as rtc0
[    0.792170] rtc_cmos rtc_cmos: alarms up to one day, 114 bytes nvram
[    0.793296] input: AT Translated Set 2 keyboard as /devices/platform/i8042/serio0/input/input2
[    0.794806] i2c /dev entries driver
[    0.795599] device-mapper: uevent: version 1.0.3
[    0.797110] device-mapper: ioctl: 4.37.0-ioctl (2017-09-20) initialised: dm-devel@redhat.com
[    0.799303] ledtrig-cpu: registered to indicate activity on CPUs
[    0.801173] NET: Registered protocol family 10
[    0.805153] Segment Routing with IPv6
[    0.806223] NET: Registered protocol family 17
[    0.814028] Key type dns_resolver registered
[    0.819865] mce: Using 0 MCE banks
[    0.823011] RAS: Correctable Errors collector initialized.
[    0.824471] sched_clock: Marking stable (824445801, 0)->(1026035700, -201589899)
[    0.826688] registered taskstats version 1
[    0.827457] Loading compiled-in X.509 certificates
[    0.830790] Loaded X.509 cert 'Build time autogenerated kernel key: 62d24f9c726e026b112735485dad6e6e4b50c923'
[    0.833825] zswap: loaded using pool lzo/zbud
[    0.838220] Key type big_key registered
[    0.839337] Key type trusted registered
[    0.841498] Key type encrypted registered
[    0.842675] AppArmor: AppArmor sha1 policy hashing enabled
[    0.843747] ima: No TPM chip found, activating TPM-bypass! (rc=-19)
[    0.844942] ima: Allocated hash algorithm: sha1
[    0.845743] evm: HMAC attrs: 0x1
[    0.847057]   Magic number: 8:506:158
[    0.848249] rtc_cmos rtc_cmos: setting system clock to 2020-02-08 03:09:04 UTC (1581131344)
[    0.850754] BIOS EDD facility v0.16 2004-Jun-25, 0 devices found
[    0.851786] EDD information not available.
[    0.939502] Freeing unused kernel image memory: 2428K
[    0.956200] Write protecting the kernel read-only data: 20480k
[    0.960379] Freeing unused kernel image memory: 2008K
[    0.962650] Freeing unused kernel image memory: 1884K
[    0.973340] x86/mm: Checked W+X mappings: passed, no W+X pages found.
[    0.974970] x86/mm: Checking user space page tables
[    0.981361] x86/mm: Checked W+X mappings: passed, no W+X pages found.
Loading, please wait...
starting version 237
[    1.050759] e1000: Intel(R) PRO/1000 Network Driver - version 7.3.21-k8-NAPI
[    1.053236] e1000: Copyright (c) 1999-2006 Intel Corporation.
[    1.066053] Fusion MPT base driver 3.04.20
[    1.067153] Copyright (c) 1999-2008 LSI Corporation
[    1.089562] AVX2 version of gcm_enc/dec engaged.
[    1.090411] AES CTR mode by8 optimization enabled
[    1.102662] Fusion MPT SPI Host driver 3.04.20
[    1.105023] vboxvideo: loading out-of-tree module taints kernel.
[    1.106578] vboxvideo: module verification failed: signature and/or required key missing - tainting kernel
[    1.323537] input: ImExPS/2 Generic Explorer Mouse as /devices/platform/i8042/serio1/input/input4
[    1.649637] e1000 0000:00:03.0 eth0: (PCI:33MHz:32-bit) 02:18:f1:ab:ad:9d
[    1.651425] e1000 0000:00:03.0 eth0: Intel(R) PRO/1000 Network Connection
[    2.649244] e1000 0000:00:08.0 eth1: (PCI:33MHz:32-bit) 08:00:27:01:a5:5a
[    2.650982] e1000 0000:00:08.0 eth1: Intel(R) PRO/1000 Network Connection
[    2.653894] e1000 0000:00:08.0 enp0s8: renamed from eth1
[    2.655033] mptbase: ioc0: Initiating bringup
[    2.677726] e1000 0000:00:03.0 enp0s3: renamed from eth0
[    2.760365] ioc0: LSI53C1030 A0: Capabilities={Initiator}
[    3.003692] scsi host2: ioc0: LSI53C1030 A0, FwRev=00000000h, Ports=1, MaxQ=256, IRQ=20
[    3.173794] scsi 2:0:0:0: Direct-Access     VBOX     HARDDISK         1.0  PQ: 0 ANSI: 5
[    3.173963] [drm] VRAM 01000000
[    3.176346] [TTM] Zone  kernel: Available graphics memory: 504318 kiB
[    3.177879] [TTM] Initializing pool allocator
[    3.178659] [TTM] Initializing DMA pool allocator
[    3.180804] fbcon: vboxdrmfb (fb0) is primary device
[    3.182377] Console: switching to colour frame buffer device 100x37
[    3.185501] vboxvideo 0000:00:02.0: fb0: vboxdrmfb frame buffer device
[    3.196530] [drm] Initialized vboxvideo 1.0.0 20130823 for 0000:00:02.0 on minor 0
[    3.204639] scsi target2:0:0: Beginning Domain Validation
[    3.209231] scsi target2:0:0: Domain Validation skipping write tests
[    3.210887] scsi target2:0:0: Ending Domain Validation
[    3.212196] scsi target2:0:0: asynchronous
[    3.214073] scsi 2:0:1:0: Direct-Access     VBOX     HARDDISK         1.0  PQ: 0 ANSI: 5
[    3.244203] scsi target2:0:1: Beginning Domain Validation
[    3.247431] random: fast init done
[    3.248748] scsi target2:0:1: Domain Validation skipping write tests
[    3.250023] scsi target2:0:1: Ending Domain Validation
[    3.251456] scsi target2:0:1: asynchronous
[    3.258325] random: systemd-udevd: uninitialized urandom read (16 bytes read)
[    3.260432] random: systemd-udevd: uninitialized urandom read (16 bytes read)
[    3.262241] random: systemd-udevd: uninitialized urandom read (16 bytes read)
[    3.264452] sd 2:0:0:0: Attached scsi generic sg0 type 0
[    3.264925] sd 2:0:0:0: [sda] 20971520 512-byte logical blocks: (10.7 GB/10.0 GiB)
[    3.265974] sd 2:0:1:0: Attached scsi generic sg1 type 0
[    3.267938] sd 2:0:0:0: [sda] Write Protect is off
[    3.271998] sd 2:0:0:0: [sda] Incomplete mode parameter data
[    3.272002] sd 2:0:1:0: [sdb] 20480 512-byte logical blocks: (10.5 MB/10.0 MiB)
[    3.273424] sd 2:0:0:0: [sda] Assuming drive cache: write through
[    3.277396] sd 2:0:1:0: [sdb] Write Protect is off
[    3.278995] sd 2:0:1:0: [sdb] Incomplete mode parameter data
[    3.279723]  sda: sda1
[    3.280640] sd 2:0:1:0: [sdb] Assuming drive cache: write through
[    3.285050] sd 2:0:0:0: [sda] Attached SCSI disk
[    3.287265] sd 2:0:1:0: [sdb] Attached SCSI disk
Begin: Loading essential drivers ... [    3.488222] raid6: sse2x1   gen() 10372 MB/s
[    3.536891] raid6: sse2x1   xor()  7327 MB/s
[    3.586073] raid6: sse2x2   gen() 13252 MB/s
[    3.632082] raid6: sse2x2   xor()  8391 MB/s
[    3.680575] raid6: sse2x4   gen() 13302 MB/s
[    3.728129] raid6: sse2x4   xor()  8955 MB/s
[    3.776113] raid6: avx2x1   gen() 18976 MB/s
[    3.824090] raid6: avx2x1   xor() 13771 MB/s
[    3.872193] raid6: avx2x2   gen() 21547 MB/s
[    3.920167] raid6: avx2x2   xor() 15467 MB/s
[    3.968414] raid6: avx2x4   gen() 27868 MB/s
[    4.016346] raid6: avx2x4   xor() 18258 MB/s
[    4.030544] raid6: using algorithm avx2x4 gen() 27868 MB/s
[    4.034523] raid6: .... xor() 18258 MB/s, rmw enabled
[    4.036112] raid6: using avx2x2 recovery algorithm
[    4.044181] xor: automatically using best checksumming function   avx       
[    4.050247] async_tx: api initialized (async)
done.
Begin: Running /scripts/init-premount ... done.
Begin: Mounting root file system ... Begin: Running /scripts/local-top ... done.
Begin: Running /scripts/local-premount ... [    4.129609] Btrfs loaded, crc32c=crc32c-intel
Scanning for Btrfs filesystems
done.
Warning: fsck not present, so skipping root file system
[    4.200816] EXT4-fs (sda1): INFO: recovery required on readonly filesystem
[    4.202540] EXT4-fs (sda1): write access will be enabled during recovery
[    4.415817] EXT4-fs (sda1): recovery complete
[    4.417839] EXT4-fs (sda1): mounted filesystem with ordered data mode. Opts: (null)
done.
Begin: Running /scripts/local-bottom ... done.
Begin: Running /scripts/init-bottom ... done.
[    4.629228] ip_tables: (C) 2000-2006 Netfilter Core Team
[    4.646837] systemd[1]: systemd 237 running in system mode. (+PAM +AUDIT +SELINUX +IMA +APPARMOR +SMACK +SYSVINIT +UTMP +LIBCRYPTSETUP +GCRYPT +GNUTLS +ACL +XZ +LZ4 +SECCOMP +BLKID +ELFUTILS +KMOD -IDN2 +IDN -PCRE2 default-hierarchy=hybrid)
[    4.651504] systemd[1]: Detected virtualization oracle.
[    4.652554] systemd[1]: Detected architecture x86-64.

Welcome to [1mUbuntu 18.04.3 LTS[0m!

[    4.659920] systemd[1]: Set hostname to <ubuntu-bionic>.
[    5.143540] systemd[1]: Created slice System Slice.
[[0;32m  OK  [0m] Created slice System Slice.
[    5.146032] systemd[1]: Created slice system-serial\x2dgetty.slice.
[[0;32m  OK  [0m] Created slice system-serial\x2dgetty.slice.
[    5.148684] systemd[1]: Listening on /dev/initctl Compatibility Named Pipe.
[[0;32m  OK  [0m] Listening on /dev/initctl Compatibility Named Pipe.
[    5.160753] systemd[1]: Listening on Device-mapper event daemon FIFOs.
[[0;32m  OK  [0m] Listening on Device-mapper event daemon FIFOs.
[    5.165776] systemd[1]: Listening on udev Kernel Socket.
[[0;32m  OK  [0m] Listening on udev Kernel Socket.
[    5.169613] systemd[1]: Reached target Swap.
[[0;32m  OK  [0m] Reached target Swap.
[[0;32m  OK  [0m] Listening on Journal Socket.
         Mounting Kernel Debug File System...
         Mounting Huge Pages File System...
[[0;32m  OK  [0m] Created slice User and Session Slice.
[[0;32m  OK  [0m] Reached target User and Group Name Lookups.
         Starting Create list of required stâ€¦ce nodes for the current kernel...
[[0;32m  OK  [0m] Reached target System Time Synchronized.
[[0;32m  OK  [0m] Listening on LVM2 metadata daemon socket.
[[0;32m  OK  [0m] Reached target Slices.
[[0;32m  OK  [0m] Listening on Journal Socket (/dev/log).
[[0;32m  OK  [0m] Listening on udev Control Socket.
         Starting udev Coldplug all Devices...
         Mounting POSIX Message Queue File System...
         Starting Set the console keyboard layout...
[[0;32m  OK  [0m] Started Forward Password Requests to Wall Directory Watch.
[[0;32m  OK  [0m] Listening on Journal Audit Socket.
         Starting Uncomplicated firewall...
[[0;32m  OK  [0m] Listening on LVM2 poll daemon socket.
         Starting Remount Root and Kernel File Systems...
[[0;32m  OK  [0m] Listening on Network Service Netlink Socket.
[[0;32m  OK  [0m] Set up automount Arbitrary Executabâ€¦rmats File System Automount Point.
         Starting Monitoring of LVM2 mirrorsâ€¦ng dmeventd or progress polling...
         Starting Load Kernel Modules...
[    5.283974] EXT4-fs (sda1): re-mounted. Opts: (null)
[[0;32m  OK  [0m] Listening on Syslog Socket.
         Starting Journal Service...
[[0;32m  OK  [0m] Mounted Kernel Debug File System.
[[0;32m  OK  [0m] Mounted Huge Pages File System.
[[0;32m  OK  [0m] Started Create list of required staâ€¦vice nodes for the current kernel.
[[0;32m  OK  [0m] Mounted POSIX Message Queue File System.
[[0;32m  OK  [0m] Started Uncomplicated firewall.
[[0;32m  OK  [0m] Started Remount Root and Kernel File Systems.
         Starting Load/Save Random Seed...
[    5.339979] Loading iSCSI transport class v2.0-870.
[    5.352940] iscsi: registered transport (tcp)
         Starting Create Static Device Nodes in /dev...
[[0;32m  OK  [0m] Started Set the console keyboard layout.
[[0;32m  OK  [0m] Started udev Coldplug all Devices.
[[0;32m  OK  [0m] Started Journal Service.
         Starting Flush Journal to Persistent Storage...
[[0;32m  OK  [0m] Started Load/Save Random Seed.
[[0;32m  OK  [0m] Started LVM2 metadata daemon.
[    5.453313] iscsi: registered transport (iser)
[[0;32m  OK  [0m] Started Load Kernel Modules.
         Starting Apply Kernel Variables...
         Mounting Kernel Configuration File System...
         Mounting FUSE Control File System...
[[0;32m  OK  [0m] Mounted Kernel Configuration File System.
[[0;32m  OK  [0m] Mounted FUSE Control File System.
[    5.487796] systemd-journald[400]: Received request to flush runtime journal from PID 1
[[0;32m  OK  [0m] Started Create Static Device Nodes in /dev.
         Starting udev Kernel Device Manager...
[[0;32m  OK  [0m] Started Monitoring of LVM2 mirrors,â€¦sing dmeventd or progress polling.
[[0;32m  OK  [0m] Reached target Local File Systems (Pre).
[[0;32m  OK  [0m] Reached target Local File Systems.
         Starting Set console font and keymap...
         Starting AppArmor initialization...
         Starting Tell Plymouth To Write Out Runtime Data...
         Starting ebtables ruleset management...
[[0;32m  OK  [0m] Started Apply Kernel Variables.
[[0;32m  OK  [0m] Started Set console font and keymap.
[[0;32m  OK  [0m] Started Tell Plymouth To Write Out Runtime Data.
[[0;32m  OK  [0m] Started udev Kernel Device Manager.
[[0;32m  OK  [0m] Started Dispatch Password Requests to Console Directory Watch.
[[0;32m  OK  [0m] Reached target Local Encrypted Volumes.
[[0;32m  OK  [0m] Started ebtables ruleset management.
[[0;32m  OK  [0m] Started Flush Journal to Persistent Storage.
         Starting Create Volatile Files and Directories...
[[0;32m  OK  [0m] Started Create Volatile Files and Directories.
         Starting Update UTMP about System Boot/Shutdown...
[[0;32m  OK  [0m] Started Update UTMP about System Boot/Shutdown.
[[0;32m  OK  [0m] Found device /dev/ttyS0.
[[0;32m  OK  [0m] Listening on Load/Save RF Kill Switch Status /dev/rfkill Watch.
[[0;32m  OK  [0m] Started AppArmor initialization.
         Starting Initial cloud-init job (pre-networking)...
[    7.949856] cloud-init[516]: Cloud-init v. 19.3-41-gc4735dd3-0ubuntu1~18.04.1 running 'init-local' at Sat, 08 Feb 2020 03:09:11 +0000. Up 7.72 seconds.
[[0;32m  OK  [0m] Started Initial cloud-init job (pre-networking).
[[0;32m  OK  [0m] Reached target Network (Pre).
         Starting Network Service...
[[0;32m  OK  [0m] Started Network Service.
         Starting Network Name Resolution...
         Starting Wait for Network to be Configured...
[[0;32m  OK  [0m] Started Network Name Resolution.
[[0;32m  OK  [0m] Reached target Network.
[[0;32m  OK  [0m] Reached target Host and Network Name Lookups.
[[0;32m  OK  [0m] Started Wait for Network to be Configured.
         Starting Initial cloud-init job (metadata service crawler)...
[   10.539282] cloud-init[690]: Cloud-init v. 19.3-41-gc4735dd3-0ubuntu1~18.04.1 running 'init' at Sat, 08 Feb 2020 03:09:13 +0000. Up 10.34 seconds.
[   10.552377] cloud-init[690]: ci-info: ++++++++++++++++++++++++++++++++++++++Net device info+++++++++++++++++++++++++++++++++++++++
[   10.555181] cloud-init[690]: ci-info: +--------+------+-----------------------------+---------------+--------+-------------------+
[   10.557196] cloud-init[690]: ci-info: | Device |  Up  |           Address           |      Mask     | Scope  |     Hw-Address    |
[   10.559528] cloud-init[690]: ci-info: +--------+------+-----------------------------+---------------+--------+-------------------+
[   10.562320] cloud-init[690]: ci-info: | enp0s3 | True |          10.0.2.15          | 255.255.255.0 | global | 02:18:f1:ab:ad:9d |
[   10.564480] cloud-init[690]: ci-info: | enp0s3 | True |  fe80::18:f1ff:feab:ad9d/64 |       .       |  link  | 02:18:f1:ab:ad:9d |
[   10.566875] cloud-init[690]: ci-info: | enp0s8 | True |        192.168.33.10        | 255.255.255.0 | global | 08:00:27:01:a5:5a |
[   10.568887] cloud-init[690]: ci-info: | enp0s8 | True | fe80::a00:27ff:fe01:a55a/64 |       .       |  link  | 08:00:27:01:a5:5a |
[   10.571175] cloud-init[690]: ci-info: |   lo   | True |          127.0.0.1          |   255.0.0.0   |  host  |         .         |
[   10.572940] cloud-init[690]: ci-info: |   lo   | True |           ::1/128           |       .       |  host  |         .         |
[   10.584580] cloud-init[690]: ci-info: +--------+------+-----------------------------+---------------+--------+-------------------+
[   10.586997] cloud-init[690]: ci-info: +++++++++++++++++++++++++++++Route IPv4 info+++++++++++++++++++++++++++++
[   10.589477] cloud-init[690]: ci-info: +-------+--------------+----------+-----------------+-----------+-------+
[   10.591274] cloud-init[690]: ci-info: | Route | Destination  | Gateway  |     Genmask     | Interface | Flags |
[   10.593255] cloud-init[690]: ci-info: +-------+--------------+----------+-----------------+-----------+-------+
[   10.595334] cloud-init[690]: ci-info: |   0   |   0.0.0.0    | 10.0.2.2 |     0.0.0.0     |   enp0s3  |   UG  |
[   10.597486] cloud-init[690]: ci-info: |   1   |   10.0.2.0   | 0.0.0.0  |  255.255.255.0  |   enp0s3  |   U   |
[   10.599784] cloud-init[690]: ci-info: |   2   |   10.0.2.2   | 0.0.0.0  | 255.255.255.255 |   enp0s3  |   UH  |
[   10.616250] cloud-init[690]: ci-info: |   3   | 192.168.33.0 | 0.0.0.0  |  255.255.255.0  |   enp0s8  |   U   |
[   10.618285] cloud-init[690]: ci-info: +-------+--------------+----------+-----------------+-----------+-------+
[   10.620632] cloud-init[690]: ci-info: +++++++++++++++++++Route IPv6 info+++++++++++++++++++
[   10.632196] cloud-init[690]: ci-info: +-------+-------------+---------+-----------+-------+
[   10.633915] cloud-init[690]: ci-info: | Route | Destination | Gateway | Interface | Flags |
[   10.635612] cloud-init[690]: ci-info: +-------+-------------+---------+-----------+-------+
[   10.637304] cloud-init[690]: ci-info: |   1   |  fe80::/64  |    ::   |   enp0s8  |   U   |
[   10.639158] cloud-init[690]: ci-info: |   2   |  fe80::/64  |    ::   |   enp0s3  |   U   |
[   10.640861] cloud-init[690]: ci-info: |   4   |    local    |    ::   |   enp0s3  |   U   |
[   10.642380] cloud-init[690]: ci-info: |   5   |    local    |    ::   |   enp0s8  |   U   |
[   10.643781] cloud-init[690]: ci-info: |   6   |   ff00::/8  |    ::   |   enp0s8  |   U   |
[   10.645524] cloud-init[690]: ci-info: |   7   |   ff00::/8  |    ::   |   enp0s3  |   U   |
[   10.656228] cloud-init[690]: ci-info: +-------+-------------+---------+-----------+-------+
[[0;32m  OK  [0m] Started Initial cloud-init job (metadata service crawler).
[[0;32m  OK  [0m] Reached target Cloud-config availability.
[[0;32m  OK  [0m] Reached target System Initialization.
[[0;32m  OK  [0m] Listening on ACPID Listen Socket.
         Starting Socket activation for snappy daemon.
[[0;32m  OK  [0m] Started Discard unused blocks once a week.
[[0;32m  OK  [0m] Started ACPI Events Check.
[[0;32m  OK  [0m] Reached target Paths.
         Starting LXD - unix socket.
[[0;32m  OK  [0m] Listening on UUID daemon activation socket.
[[0;32m  OK  [0m] Listening on Open-iSCSI iscsid Socket.
[[0;32m  OK  [0m] Started Daily apt download activities.
[[0;32m  OK  [0m] Started Daily apt upgrade and clean activities.
[[0;32m  OK  [0m] Listening on D-Bus System Message Bus Socket.
[[0;32m  OK  [0m] Started Daily Cleanup of Temporary Directories.
[[0;32m  OK  [0m] Started Message of the Day.
[[0;32m  OK  [0m] Reached target Timers.
[[0;32m  OK  [0m] Reached target Network is Online.
[[0;32m  OK  [0m] Reached target Remote File Systems (Pre).
[[0;32m  OK  [0m] Reached target Remote File Systems.
         Starting Availability of block devices...
[[0;32m  OK  [0m] Listening on Socket activation for snappy daemon.
[[0;32m  OK  [0m] Listening on LXD - unix socket.
[[0;32m  OK  [0m] Started Availability of block devices.
[[0;32m  OK  [0m] Reached target Sockets.
[[0;32m  OK  [0m] Reached target Basic System.
         Starting System Logging Service...
[[0;32m  OK  [0m] Started FUSE filesystem for LXC.
[[0;32m  OK  [0m] Started Regular background program processing daemon.
[[0;32m  OK  [0m] Started Deferred execution scheduler.
[[0;32m  OK  [0m] Started D-Bus System Message Bus.
         Starting LSB: automatic crash report generation...
         Starting Login Service...
         Starting Permit User Sessions...
         Starting Dispatcher daemon for systemd-networkd...
         Starting vboxadd.service...
         Starting Accounts Service...
         Starting OpenBSD Secure Shell server...
         Starting LXD - container startup/shutdown...
         Starting LSB: Record successful boot for GRUB...
[[0;32m  OK  [0m] Started irqbalance daemon.
         Starting Snappy daemon...
[[0;32m  OK  [0m] Started System Logging Service.
[[0;32m  OK  [0m] Started Permit User Sessions.
[[0;32m  OK  [0m] Started Login Service.
[[0;32m  OK  [0m] Started Unattended Upgrades Shutdown.
         Starting Authorization Manager...
         Starting Hold until boot process finishes up...
         Starting Terminate Plymouth Boot Screen...
[[0;32m  OK  [0m] Started Hold until boot process finishes up.
[[0;32m  OK  [0m] Started Serial Getty on ttyS0.
         Starting Set console scheme...
[[0;32m  OK  [0m] Started Terminate Plymouth Boot Screen.
[[0;32m  OK  [0m] Started Set console scheme.
[[0;32m  OK  [0m] Created slice system-getty.slice.
[[0;32m  OK  [0m] Started Getty on tty1.
[[0;32m  OK  [0m] Reached target Login Prompts.
[[0;32m  OK  [0m] Started LSB: automatic crash report generation.
[[0;32m  OK  [0m] Started LSB: Record successful boot for GRUB.
[[0;32m  OK  [0m] Started OpenBSD Secure Shell server.
[[0;32m  OK  [0m] Started Authorization Manager.
[[0;32m  OK  [0m] Started Accounts Service.
[[0;32m  OK  [0m] Created slice User Slice of vagrant.
[[0;32m  OK  [0m] Started Dispatcher daemon for systemd-networkd.
[[0;32m  OK  [0m] Started Session 1 of user vagrant.
         Starting User Manager for UID 1000...
[[0;32m  OK  [0m] Started LXD - container startup/shutdown.
[[0;32m  OK  [0m] Started User Manager for UID 1000.
[[0;32m  OK  [0m] Started Snappy daemon.
         Starting Wait until snapd is fully seeded...
[[0;32m  OK  [0m] Started Wait until snapd is fully seeded.
         Starting Apply the settings specified in cloud-config...
[   14.782499] cloud-init[1223]: Cloud-init v. 19.3-41-gc4735dd3-0ubuntu1~18.04.1 running 'modules:config' at Sat, 08 Feb 2020 03:09:18 +0000. Up 14.61 seconds.
[[0;32m  OK  [0m] Started Apply the settings specified in cloud-config.
[[0;32m  OK  [0m] Started vboxadd.service.
         Starting vboxadd-service.service...
[[0;32m  OK  [0m] Started vboxadd-service.service.
[[0;32m  OK  [0m] Reached target Multi-User System.
         Starting Execute cloud user/final scripts...
[[0;32m  OK  [0m] Reached target Graphical Interface.
         Starting Update UTMP about System Runlevel Changes...
[[0;32m  OK  [0m] Started Update UTMP about System Runlevel Changes.
[   16.330118] cloud-init[1399]: Cloud-init v. 19.3-41-gc4735dd3-0ubuntu1~18.04.1 running 'modules:final' at Sat, 08 Feb 2020 03:09:19 +0000. Up 16.14 seconds.
[   16.332834] cloud-init[1399]: Cloud-init v. 19.3-41-gc4735dd3-0ubuntu1~18.04.1 finished at Sat, 08 Feb 2020 03:09:19 +0000. Datasource DataSourceNoCloud [seed=/dev/sdb][dsmode=net].  Up 16.32 seconds
[[0;32m  OK  [0m] Started Execute cloud user/final scripts.
[[0;32m  OK  [0m] Reached target Cloud-init target.

Ubuntu 18.04.3 LTS ubuntu-bionic ttyS0

ubuntu-bionic login: 